// Jest Snapshot v1, https://goo.gl/fbAQLP

exports[`With Snapshot Testing App rendered!" 1`] = `
<div
  className="example"
>
  O Hai world!
</div>
`;
